2026-08-25 23:17:29 [TestNG-tests-3] INFO  com.orangehrm.base.BaseTest - Driver started for thread 27
2026-08-25 23:17:29 [TestNG-tests-1] INFO  com.orangehrm.base.BaseTest - Driver started for thread 25
2026-08-25 23:17:29 [TestNG-tests-2] INFO  com.orangehrm.base.BaseTest - Driver started for thread 26
2026-08-25 23:17:29 [TestNG-tests-2] INFO  com.orangehrm.base.BaseTest - TC04 - searching for existing employee: Charlotte Smith
2026-08-25 23:17:29 [TestNG-tests-1] INFO  com.orangehrm.base.BaseTest - TC03 - login with empty fields
2026-08-25 23:17:29 [TestNG-tests-3] INFO  com.orangehrm.base.BaseTest - TC09 - verifying the Add User form fields
2026-08-25 23:17:39 [TestNG-tests-1] INFO  com.orangehrm.base.BaseTest - Closing driver for thread 25
2026-08-25 23:17:39 [TestNG-tests-3] INFO  com.orangehrm.base.BaseTest - Logged in as Admin
2026-08-25 23:17:41 [TestNG-tests-1] INFO  com.orangehrm.base.BaseTest - Driver started for thread 25
2026-08-25 23:17:41 [TestNG-tests-1] INFO  com.orangehrm.base.BaseTest - TC02 - login with invalid credentials: WrongUser
2026-08-25 23:17:41 [TestNG-tests-2] INFO  com.orangehrm.base.BaseTest - Logged in as Admin
2026-08-25 23:17:46 [TestNG-tests-3] INFO  com.orangehrm.base.BaseTest - Closing driver for thread 27
2026-08-25 23:17:48 [TestNG-tests-3] INFO  com.orangehrm.base.BaseTest - Driver started for thread 27
2026-08-25 23:17:48 [TestNG-tests-3] INFO  com.orangehrm.base.BaseTest - TC10 - verifying the footer branding link
2026-08-25 23:17:55 [TestNG-tests-1] INFO  com.orangehrm.base.BaseTest - Closing driver for thread 25
2026-08-25 23:17:57 [TestNG-tests-1] INFO  com.orangehrm.base.BaseTest - Driver started for thread 25
2026-08-25 23:17:57 [TestNG-tests-1] INFO  com.orangehrm.base.BaseTest - TC01 - login with valid credentials: Admin
2026-08-25 23:17:59 [TestNG-tests-3] INFO  com.orangehrm.base.BaseTest - Logged in as Admin
2026-08-25 23:18:00 [TestNG-tests-2] INFO  com.orangehrm.base.BaseTest - Closing driver for thread 26
2026-08-25 23:18:02 [TestNG-tests-2] INFO  com.orangehrm.base.BaseTest - Driver started for thread 26
2026-08-25 23:18:02 [TestNG-tests-2] INFO  com.orangehrm.base.BaseTest - TC05 - searching for non-existing employee: Zzqx Notreal
2026-08-25 23:18:08 [TestNG-tests-1] INFO  com.orangehrm.base.BaseTest - Closing driver for thread 25
2026-08-25 23:18:11 [TestNG-tests-2] INFO  com.orangehrm.base.BaseTest - Logged in as Admin
2026-08-25 23:18:18 [TestNG-tests-2] INFO  com.orangehrm.base.BaseTest - Closing driver for thread 26
2026-08-25 23:18:19 [TestNG-tests-2] INFO  com.orangehrm.base.BaseTest - Driver started for thread 26
2026-08-25 23:18:19 [TestNG-tests-2] INFO  com.orangehrm.base.BaseTest - TC08 - creating employee John Doe098074
2026-08-25 23:18:25 [TestNG-tests-2] INFO  com.orangehrm.base.BaseTest - Logged in as Admin
2026-08-25 23:18:31 [TestNG-tests-3] INFO  com.orangehrm.base.BaseTest - Closing driver for thread 27
2026-08-25 23:18:32 [TestNG-tests-3] INFO  com.orangehrm.base.BaseTest - Driver started for thread 27
2026-08-25 23:18:32 [TestNG-tests-3] INFO  com.orangehrm.base.BaseTest - TC11 - verifying the sidebar menu items
2026-08-25 23:18:38 [TestNG-tests-3] INFO  com.orangehrm.base.BaseTest - Logged in as Admin
2026-08-25 23:18:41 [TestNG-tests-3] INFO  com.orangehrm.base.BaseTest - Closing driver for thread 27
2026-08-25 23:18:51 [TestNG-tests-2] INFO  com.orangehrm.base.BaseTest - Closing driver for thread 26
2026-08-25 23:18:52 [TestNG-tests-2] INFO  com.orangehrm.base.BaseTest - Driver started for thread 26
2026-08-25 23:18:52 [TestNG-tests-2] INFO  com.orangehrm.base.BaseTest - TC07 - saving an employee without a first name
2026-08-25 23:18:57 [TestNG-tests-2] INFO  com.orangehrm.base.BaseTest - Logged in as Admin
2026-08-25 23:19:08 [TestNG-tests-2] INFO  com.orangehrm.base.BaseTest - Closing driver for thread 26
2026-08-25 23:19:10 [TestNG-tests-2] INFO  com.orangehrm.base.BaseTest - Driver started for thread 26
2026-08-25 23:19:10 [TestNG-tests-2] INFO  com.orangehrm.base.BaseTest - TC06 - opening the Add Employee page
2026-08-25 23:19:14 [TestNG-tests-2] INFO  com.orangehrm.base.BaseTest - Logged in as Admin
2026-08-25 23:19:18 [TestNG-tests-2] INFO  com.orangehrm.base.BaseTest - Closing driver for thread 26
2026-08-25 23:31:35 [main] INFO  com.orangehrm.base.BaseTest - Driver started for thread 1
2026-08-25 23:31:35 [main] INFO  com.orangehrm.base.BaseTest - ========== Starting Test Case #1: Login with valid credentials ==========
2026-08-25 23:31:35 [main] INFO  com.orangehrm.base.BaseTest - TC01 - login with valid credentials: Admin
2026-08-25 23:31:42 [main] INFO  com.orangehrm.base.BaseTest - Closing driver for thread 1
2026-08-25 23:37:07 [main] INFO  com.orangehrm.base.BaseTest - Driver started for thread 1
2026-08-25 23:37:07 [main] INFO  com.orangehrm.base.BaseTest - TC03 - login with empty fields
2026-08-25 23:37:12 [main] INFO  com.orangehrm.base.BaseTest - Closing driver for thread 1
2026-08-25 23:37:14 [main] INFO  com.orangehrm.base.BaseTest - Driver started for thread 1
2026-08-25 23:37:14 [main] INFO  com.orangehrm.base.BaseTest - ========== Starting Test Case #2: Login with invalid credentials ==========
2026-08-25 23:37:14 [main] INFO  com.orangehrm.base.BaseTest - TC02 - login with invalid credentials: WrongUser
2026-08-25 23:37:20 [main] INFO  com.orangehrm.base.BaseTest - Closing driver for thread 1
2026-08-25 23:37:22 [main] INFO  com.orangehrm.base.BaseTest - Driver started for thread 1
2026-08-25 23:37:22 [main] INFO  com.orangehrm.base.BaseTest - ========== Starting Test Case #1: Login with valid credentials ==========
2026-08-25 23:37:22 [main] INFO  com.orangehrm.base.BaseTest - TC01 - login with valid credentials: Admin
2026-08-25 23:37:29 [main] INFO  com.orangehrm.base.BaseTest - Closing driver for thread 1
2026-08-25 23:42:46 [main] INFO  com.orangehrm.base.BaseTest - Driver started for thread 1
2026-08-25 23:42:46 [main] INFO  com.orangehrm.base.BaseTest - TC03 - login with empty fields
2026-08-25 23:42:51 [main] INFO  com.orangehrm.base.BaseTest - Closing driver for thread 1
2026-08-25 23:46:54 [main] INFO  com.orangehrm.base.BaseTest - Driver started for thread 1
2026-08-25 23:46:55 [main] INFO  com.orangehrm.base.BaseTest - TC04 - searching for existing employee: Charlotte Smith
2026-08-25 23:46:59 [main] INFO  com.orangehrm.base.BaseTest - Logged in as Admin
2026-08-25 23:47:15 [main] INFO  com.orangehrm.base.BaseTest - Closing driver for thread 1
2026-08-25 23:51:00 [main] INFO  com.orangehrm.base.BaseTest - Driver started for thread 1
2026-08-25 23:51:00 [main] INFO  com.orangehrm.base.BaseTest - TC04 - searching for existing employee: Charlotte Smith
2026-08-25 23:51:06 [main] INFO  com.orangehrm.base.BaseTest - Logged in as Admin
2026-08-25 23:51:15 [main] INFO  com.orangehrm.base.BaseTest - Closing driver for thread 1
2026-08-25 23:55:28 [main] INFO  com.orangehrm.base.BaseTest - Driver started for thread 1
2026-08-25 23:55:28 [main] INFO  com.orangehrm.base.BaseTest - TC05 - searching for non-existing employee: Zzqx Notreal
2026-08-25 23:55:33 [main] INFO  com.orangehrm.base.BaseTest - Logged in as Admin
2026-08-25 23:55:38 [main] INFO  com.orangehrm.base.BaseTest - Closing driver for thread 1
2026-08-25 23:58:10 [main] INFO  com.orangehrm.base.BaseTest - Driver started for thread 1
2026-08-25 23:58:10 [main] INFO  com.orangehrm.base.BaseTest - TC06 - opening the Add Employee page
2026-08-25 23:58:15 [main] INFO  com.orangehrm.base.BaseTest - Logged in as Admin
2026-08-25 23:58:20 [main] INFO  com.orangehrm.base.BaseTest - Closing driver for thread 1
2026-08-25 23:58:47 [main] INFO  com.orangehrm.base.BaseTest - Driver started for thread 1
2026-08-25 23:58:47 [main] INFO  com.orangehrm.base.BaseTest - TC07 - saving an employee without a first name
2026-08-25 23:58:54 [main] INFO  com.orangehrm.base.BaseTest - Logged in as Admin
2026-08-25 23:59:05 [main] INFO  com.orangehrm.base.BaseTest - Closing driver for thread 1
2026-08-25 23:59:54 [main] INFO  com.orangehrm.base.BaseTest - Driver started for thread 1
2026-08-25 23:59:54 [main] INFO  com.orangehrm.base.BaseTest - TC08 - creating employee John Doe591222
2026-08-25 23:59:59 [main] INFO  com.orangehrm.base.BaseTest - Logged in as Admin
2026-08-26 00:00:16 [main] INFO  com.orangehrm.base.BaseTest - Closing driver for thread 1
2026-08-26 00:02:35 [main] INFO  com.orangehrm.base.BaseTest - Driver started for thread 1
2026-08-26 00:02:36 [main] INFO  com.orangehrm.base.BaseTest - TC09 - verifying the Add User form fields
2026-08-26 00:02:41 [main] INFO  com.orangehrm.base.BaseTest - Logged in as Admin
2026-08-26 00:02:46 [main] INFO  com.orangehrm.base.BaseTest - Closing driver for thread 1
2026-08-26 00:03:17 [main] INFO  com.orangehrm.base.BaseTest - Driver started for thread 1
2026-08-26 00:03:17 [main] INFO  com.orangehrm.base.BaseTest - TC09 - verifying the Add User form fields
2026-08-26 00:03:23 [main] INFO  com.orangehrm.base.BaseTest - Logged in as Admin
2026-08-26 00:03:27 [main] INFO  com.orangehrm.base.BaseTest - Closing driver for thread 1
2026-08-26 00:05:15 [main] INFO  com.orangehrm.base.BaseTest - Driver started for thread 1
2026-08-26 00:05:15 [main] INFO  com.orangehrm.base.BaseTest - TC10 - verifying the footer branding link
2026-08-26 00:05:20 [main] INFO  com.orangehrm.base.BaseTest - Logged in as Admin
2026-08-26 00:05:56 [main] INFO  com.orangehrm.base.BaseTest - Closing driver for thread 1
2026-08-26 00:07:12 [main] INFO  com.orangehrm.base.BaseTest - Driver started for thread 1
2026-08-26 00:07:12 [main] INFO  com.orangehrm.base.BaseTest - TC10 - verifying the footer branding link
2026-08-26 00:07:17 [main] INFO  com.orangehrm.base.BaseTest - Logged in as Admin
2026-08-26 00:07:41 [main] INFO  com.orangehrm.base.BaseTest - Closing driver for thread 1
2026-08-26 00:08:05 [main] INFO  com.orangehrm.base.BaseTest - Driver started for thread 1
2026-08-26 00:08:05 [main] INFO  com.orangehrm.base.BaseTest - TC11 - verifying the sidebar menu items
2026-08-26 00:08:10 [main] INFO  com.orangehrm.base.BaseTest - Logged in as Admin
2026-08-26 00:08:13 [main] INFO  com.orangehrm.base.BaseTest - Closing driver for thread 1
2026-08-26 00:12:05 [TestNG-tests-3] INFO  com.orangehrm.base.BaseTest - Driver started for thread 27
2026-08-26 00:12:06 [TestNG-tests-2] INFO  com.orangehrm.base.BaseTest - Driver started for thread 26
2026-08-26 00:12:06 [TestNG-tests-1] INFO  com.orangehrm.base.BaseTest - Driver started for thread 25
2026-08-26 00:12:06 [TestNG-tests-1] INFO  com.orangehrm.base.BaseTest - TC03 - login with empty fields
2026-08-26 00:12:06 [TestNG-tests-3] INFO  com.orangehrm.base.BaseTest - TC09 - verifying the Add User form fields
2026-08-26 00:12:06 [TestNG-tests-2] INFO  com.orangehrm.base.BaseTest - TC04 - searching for existing employee: Charlotte Smith
2026-08-26 00:12:15 [TestNG-tests-3] INFO  com.orangehrm.base.BaseTest - Logged in as Admin
2026-08-26 00:12:18 [TestNG-tests-2] INFO  com.orangehrm.base.BaseTest - Logged in as Admin
2026-08-26 00:12:18 [TestNG-tests-1] INFO  com.orangehrm.base.BaseTest - Closing driver for thread 25
2026-08-26 00:12:20 [TestNG-tests-1] INFO  com.orangehrm.base.BaseTest - Driver started for thread 25
2026-08-26 00:12:20 [TestNG-tests-1] INFO  com.orangehrm.base.BaseTest - ========== Starting Test Case #2: Login with invalid credentials ==========
2026-08-26 00:12:20 [TestNG-tests-1] INFO  com.orangehrm.base.BaseTest - TC02 - login with invalid credentials: WrongUser
2026-08-26 00:12:23 [TestNG-tests-3] INFO  com.orangehrm.base.BaseTest - Closing driver for thread 27
2026-08-26 00:12:25 [TestNG-tests-3] INFO  com.orangehrm.base.BaseTest - Driver started for thread 27
2026-08-26 00:12:25 [TestNG-tests-3] INFO  com.orangehrm.base.BaseTest - TC10 - verifying the footer branding link
2026-08-26 00:12:29 [TestNG-tests-2] INFO  com.orangehrm.base.BaseTest - Closing driver for thread 26
2026-08-26 00:12:30 [TestNG-tests-2] INFO  com.orangehrm.base.BaseTest - Driver started for thread 26
2026-08-26 00:12:30 [TestNG-tests-2] INFO  com.orangehrm.base.BaseTest - TC05 - searching for non-existing employee: Zzqx Notreal
2026-08-26 00:12:32 [TestNG-tests-1] INFO  com.orangehrm.base.BaseTest - Closing driver for thread 25
2026-08-26 00:12:34 [TestNG-tests-1] INFO  com.orangehrm.base.BaseTest - Driver started for thread 25
2026-08-26 00:12:34 [TestNG-tests-1] INFO  com.orangehrm.base.BaseTest - ========== Starting Test Case #1: Login with valid credentials ==========
2026-08-26 00:12:34 [TestNG-tests-1] INFO  com.orangehrm.base.BaseTest - TC01 - login with valid credentials: Admin
2026-08-26 00:12:34 [TestNG-tests-3] INFO  com.orangehrm.base.BaseTest - Logged in as Admin
2026-08-26 00:12:38 [TestNG-tests-2] INFO  com.orangehrm.base.BaseTest - Logged in as Admin
2026-08-26 00:12:47 [TestNG-tests-2] INFO  com.orangehrm.base.BaseTest - Closing driver for thread 26
2026-08-26 00:12:48 [TestNG-tests-1] INFO  com.orangehrm.base.BaseTest - Closing driver for thread 25
2026-08-26 00:12:49 [TestNG-tests-2] INFO  com.orangehrm.base.BaseTest - Driver started for thread 26
2026-08-26 00:12:49 [TestNG-tests-2] INFO  com.orangehrm.base.BaseTest - TC08 - creating employee John Doe367399
2026-08-26 00:12:58 [TestNG-tests-2] INFO  com.orangehrm.base.BaseTest - Logged in as Admin
2026-08-26 00:13:12 [TestNG-tests-3] INFO  com.orangehrm.base.BaseTest - Closing driver for thread 27
2026-08-26 00:13:13 [TestNG-tests-3] INFO  com.orangehrm.base.BaseTest - Driver started for thread 27
2026-08-26 00:13:13 [TestNG-tests-3] INFO  com.orangehrm.base.BaseTest - TC11 - verifying the sidebar menu items
2026-08-26 00:13:15 [TestNG-tests-2] INFO  com.orangehrm.base.BaseTest - Closing driver for thread 26
2026-08-26 00:13:17 [TestNG-tests-2] INFO  com.orangehrm.base.BaseTest - Driver started for thread 26
2026-08-26 00:13:17 [TestNG-tests-2] INFO  com.orangehrm.base.BaseTest - TC07 - saving an employee without a first name
2026-08-26 00:13:20 [TestNG-tests-3] INFO  com.orangehrm.base.BaseTest - Logged in as Admin
2026-08-26 00:13:23 [TestNG-tests-3] INFO  com.orangehrm.base.BaseTest - Closing driver for thread 27
2026-08-26 00:13:24 [TestNG-tests-2] INFO  com.orangehrm.base.BaseTest - Logged in as Admin
2026-08-26 00:13:29 [TestNG-tests-2] INFO  com.orangehrm.base.BaseTest - Closing driver for thread 26
2026-08-26 00:13:31 [TestNG-tests-2] INFO  com.orangehrm.base.BaseTest - Driver started for thread 26
2026-08-26 00:13:31 [TestNG-tests-2] INFO  com.orangehrm.base.BaseTest - TC06 - opening the Add Employee page
2026-08-26 00:13:36 [TestNG-tests-2] INFO  com.orangehrm.base.BaseTest - Logged in as Admin
2026-08-26 00:13:40 [TestNG-tests-2] INFO  com.orangehrm.base.BaseTest - Closing driver for thread 26
2026-08-26 00:20:41 [TestNG-tests-2] INFO  com.orangehrm.base.BaseTest - Driver started for thread 27
2026-08-26 00:20:41 [TestNG-tests-3] INFO  com.orangehrm.base.BaseTest - Driver started for thread 28
2026-08-26 00:20:41 [TestNG-tests-1] INFO  com.orangehrm.base.BaseTest - Driver started for thread 26
2026-08-26 00:20:42 [TestNG-tests-3] INFO  com.orangehrm.base.BaseTest - TC09 - verifying the Add User form fields
2026-08-26 00:20:42 [TestNG-tests-1] INFO  com.orangehrm.base.BaseTest - TC03 - login with empty fields
2026-08-26 00:20:42 [TestNG-tests-2] INFO  com.orangehrm.base.BaseTest - TC04 - searching for existing employee: Charlotte Smith
2026-08-26 00:20:51 [TestNG-tests-3] INFO  com.orangehrm.base.BaseTest - Logged in as Admin
2026-08-26 00:20:53 [TestNG-tests-2] INFO  com.orangehrm.base.BaseTest - Logged in as Admin
2026-08-26 00:20:54 [TestNG-tests-1] INFO  com.orangehrm.base.BaseTest - Closing driver for thread 26
2026-08-26 00:20:56 [TestNG-tests-1] INFO  com.orangehrm.base.BaseTest - Driver started for thread 26
2026-08-26 00:20:56 [TestNG-tests-1] INFO  com.orangehrm.base.BaseTest - ========== Starting Test Case #2: Login with invalid credentials ==========
2026-08-26 00:20:56 [TestNG-tests-1] INFO  com.orangehrm.base.BaseTest - TC02 - login with invalid credentials: WrongUser
2026-08-26 00:20:57 [TestNG-tests-3] INFO  com.orangehrm.base.BaseTest - Closing driver for thread 28
2026-08-26 00:20:59 [TestNG-tests-3] INFO  com.orangehrm.base.BaseTest - Driver started for thread 28
2026-08-26 00:20:59 [TestNG-tests-3] INFO  com.orangehrm.base.BaseTest - TC10 - verifying the footer branding link
2026-08-26 00:21:04 [TestNG-tests-2] INFO  com.orangehrm.base.BaseTest - Closing driver for thread 27
2026-08-26 00:21:06 [TestNG-tests-2] INFO  com.orangehrm.base.BaseTest - Driver started for thread 27
2026-08-26 00:21:06 [TestNG-tests-2] INFO  com.orangehrm.base.BaseTest - TC05 - searching for non-existing employee: Zzqx Notreal
2026-08-26 00:21:08 [TestNG-tests-1] INFO  com.orangehrm.base.BaseTest - Closing driver for thread 26
2026-08-26 00:21:08 [TestNG-tests-3] INFO  com.orangehrm.base.BaseTest - Logged in as Admin
2026-08-26 00:21:10 [TestNG-tests-1] INFO  com.orangehrm.base.BaseTest - Driver started for thread 26
2026-08-26 00:21:10 [TestNG-tests-1] INFO  com.orangehrm.base.BaseTest - ========== Starting Test Case #1: Login with valid credentials ==========
2026-08-26 00:21:10 [TestNG-tests-1] INFO  com.orangehrm.base.BaseTest - TC01 - login with valid credentials: Admin
2026-08-26 00:21:13 [TestNG-tests-2] INFO  com.orangehrm.base.BaseTest - Logged in as Admin
2026-08-26 00:21:20 [TestNG-tests-2] INFO  com.orangehrm.base.BaseTest - Closing driver for thread 27
2026-08-26 00:21:22 [TestNG-tests-2] INFO  com.orangehrm.base.BaseTest - Driver started for thread 27
2026-08-26 00:21:22 [TestNG-tests-2] INFO  com.orangehrm.base.BaseTest - TC08 - creating employee John Doe880329
2026-08-26 00:21:22 [TestNG-tests-1] INFO  com.orangehrm.base.BaseTest - Closing driver for thread 26
2026-08-26 00:21:28 [TestNG-tests-2] INFO  com.orangehrm.base.BaseTest - Logged in as Admin
2026-08-26 00:21:45 [TestNG-tests-2] INFO  com.orangehrm.base.BaseTest - Closing driver for thread 27
2026-08-26 00:21:46 [TestNG-tests-3] INFO  com.orangehrm.base.BaseTest - Closing driver for thread 28
2026-08-26 00:21:46 [TestNG-tests-2] INFO  com.orangehrm.base.BaseTest - Driver started for thread 27
2026-08-26 00:21:46 [TestNG-tests-2] INFO  com.orangehrm.base.BaseTest - TC07 - saving an employee without a first name
2026-08-26 00:21:48 [TestNG-tests-3] INFO  com.orangehrm.base.BaseTest - Driver started for thread 28
2026-08-26 00:21:48 [TestNG-tests-3] INFO  com.orangehrm.base.BaseTest - TC11 - verifying the sidebar menu items
2026-08-26 00:21:51 [TestNG-tests-2] INFO  com.orangehrm.base.BaseTest - Logged in as Admin
2026-08-26 00:21:57 [TestNG-tests-2] INFO  com.orangehrm.base.BaseTest - Closing driver for thread 27
2026-08-26 00:21:58 [TestNG-tests-3] INFO  com.orangehrm.base.BaseTest - Logged in as Admin
2026-08-26 00:21:58 [TestNG-tests-2] INFO  com.orangehrm.base.BaseTest - Driver started for thread 27
2026-08-26 00:21:58 [TestNG-tests-2] INFO  com.orangehrm.base.BaseTest - TC06 - opening the Add Employee page
2026-08-26 00:22:00 [TestNG-tests-3] INFO  com.orangehrm.base.BaseTest - Closing driver for thread 28
2026-08-26 00:22:04 [TestNG-tests-2] INFO  com.orangehrm.base.BaseTest - Logged in as Admin
2026-08-26 00:22:08 [TestNG-tests-2] INFO  com.orangehrm.base.BaseTest - Closing driver for thread 27
2026-09-18 15:26:09 [TestNG-tests-3] INFO  com.orangehrm.base.BaseTest - Driver started for thread 29
2026-09-18 15:26:09 [TestNG-tests-3] INFO  com.orangehrm.base.BaseTest - TC09 - verifying the Add User form fields
2026-09-18 15:26:10 [TestNG-tests-1] INFO  com.orangehrm.base.BaseTest - Driver started for thread 27
2026-09-18 15:26:10 [TestNG-tests-1] INFO  com.orangehrm.base.BaseTest - TC03 - login with empty fields
2026-09-18 15:26:15 [TestNG-tests-1] INFO  com.orangehrm.base.BaseTest - Driver started for thread 25
2026-09-18 15:26:15 [TestNG-tests-1] INFO  com.orangehrm.base.BaseTest - TC03 - login with empty fields
2026-09-18 15:26:16 [TestNG-tests-2] INFO  com.orangehrm.base.BaseTest - Driver started for thread 28
2026-09-18 15:26:16 [TestNG-tests-2] INFO  com.orangehrm.base.BaseTest - TC04 - searching for existing employee: Charlotte Smith
2026-09-18 15:26:24 [TestNG-tests-3] INFO  com.orangehrm.base.BaseTest - Driver started for thread 27
2026-09-18 15:26:24 [TestNG-tests-3] INFO  com.orangehrm.base.BaseTest - TC09 - verifying the Add User form fields
2026-09-18 15:26:24 [TestNG-tests-3] ERROR com.orangehrm.listeners.RetryAnalyzer - Test 'testAddUserFormFields' failed. Retry attempt 1 of 2
2026-09-18 15:26:24 [TestNG-tests-3] INFO  com.orangehrm.base.BaseTest - Closing driver for thread 29
2026-09-18 15:26:26 [TestNG-tests-3] INFO  com.orangehrm.base.BaseTest - Driver started for thread 29
2026-09-18 15:26:26 [TestNG-tests-3] INFO  com.orangehrm.base.BaseTest - TC09 - verifying the Add User form fields
2026-09-18 15:26:29 [TestNG-tests-1] INFO  com.orangehrm.base.BaseTest - Closing driver for thread 27
2026-09-18 15:26:31 [TestNG-tests-2] INFO  com.orangehrm.base.BaseTest - Driver started for thread 26
2026-09-18 15:26:31 [TestNG-tests-2] INFO  com.orangehrm.base.BaseTest - TC04 - searching for existing employee: Charlotte Smith
2026-09-18 15:26:31 [TestNG-tests-2] INFO  com.orangehrm.base.BaseTest - Driver started for thread 26
2026-09-18 15:26:32 [TestNG-tests-2] INFO  com.orangehrm.base.BaseTest - TC04 - searching for existing employee: Charlotte Smith
2026-09-18 15:26:32 [TestNG-tests-1] INFO  com.orangehrm.base.BaseTest - Driver started for thread 27
2026-09-18 15:26:32 [TestNG-tests-1] INFO  com.orangehrm.base.BaseTest - ========== Starting Test Case #2: Login with invalid credentials ==========
2026-09-18 15:26:32 [TestNG-tests-1] INFO  com.orangehrm.base.BaseTest - TC02 - login with invalid credentials: WrongUser
2026-09-18 15:26:34 [TestNG-tests-1] INFO  com.orangehrm.base.BaseTest - Closing driver for thread 25
2026-09-18 15:26:35 [TestNG-tests-1] INFO  com.orangehrm.base.BaseTest - Driver started for thread 25
2026-09-18 15:26:35 [TestNG-tests-1] INFO  com.orangehrm.base.BaseTest - ========== Starting Test Case #2: Login with invalid credentials ==========
2026-09-18 15:26:35 [TestNG-tests-1] INFO  com.orangehrm.base.BaseTest - TC02 - login with invalid credentials: WrongUser
2026-09-18 15:26:37 [TestNG-tests-2] INFO  com.orangehrm.base.BaseTest - Logged in as Admin
2026-09-18 15:26:56 [TestNG-tests-3] ERROR com.orangehrm.listeners.RetryAnalyzer - Test 'testAddUserFormFields' failed. Retry attempt 1 of 2
2026-09-18 15:26:56 [TestNG-tests-3] INFO  com.orangehrm.base.BaseTest - Closing driver for thread 27
2026-09-18 15:26:58 [TestNG-tests-3] INFO  com.orangehrm.base.BaseTest - Driver started for thread 27
2026-09-18 15:26:58 [TestNG-tests-3] INFO  com.orangehrm.base.BaseTest - TC09 - verifying the Add User form fields
2026-09-18 15:27:04 [TestNG-tests-3] INFO  com.orangehrm.base.BaseTest - Driver started for thread 27
2026-09-18 15:27:04 [TestNG-tests-3] INFO  com.orangehrm.base.BaseTest - TC09 - verifying the Add User form fields
2026-09-18 15:27:06 [TestNG-tests-3] ERROR com.orangehrm.listeners.RetryAnalyzer - Test 'testAddUserFormFields' failed. Retry attempt 2 of 2
2026-09-18 15:27:06 [TestNG-tests-3] INFO  com.orangehrm.base.BaseTest - Closing driver for thread 29
2026-09-18 15:27:08 [TestNG-tests-3] INFO  com.orangehrm.base.BaseTest - Driver started for thread 29
2026-09-18 15:27:08 [TestNG-tests-3] INFO  com.orangehrm.base.BaseTest - TC09 - verifying the Add User form fields
2026-09-18 15:27:09 [TestNG-tests-2] INFO  com.orangehrm.base.BaseTest - Closing driver for thread 28
2026-09-18 15:27:11 [TestNG-tests-2] INFO  com.orangehrm.base.BaseTest - Driver started for thread 28
2026-09-18 15:27:11 [TestNG-tests-2] INFO  com.orangehrm.base.BaseTest - TC05 - searching for non-existing employee: Zzqx Notreal
2026-09-18 15:27:11 [TestNG-tests-2] ERROR com.orangehrm.listeners.RetryAnalyzer - Test 'testSearchExistingEmployee' failed. Retry attempt 1 of 2
2026-09-18 15:27:11 [TestNG-tests-2] INFO  com.orangehrm.base.BaseTest - Closing driver for thread 26
2026-09-18 15:27:12 [TestNG-tests-2] ERROR com.orangehrm.listeners.RetryAnalyzer - Test 'testSearchExistingEmployee' failed. Retry attempt 1 of 2
2026-09-18 15:27:12 [TestNG-tests-2] INFO  com.orangehrm.base.BaseTest - Closing driver for thread 26
2026-09-18 15:27:12 [TestNG-tests-1] ERROR com.orangehrm.listeners.RetryAnalyzer - Test 'testLoginWithInvalidCredentials' failed. Retry attempt 1 of 2
2026-09-18 15:27:13 [TestNG-tests-1] INFO  com.orangehrm.base.BaseTest - Closing driver for thread 27
2026-09-18 15:27:13 [TestNG-tests-2] INFO  com.orangehrm.base.BaseTest - Driver started for thread 26
2026-09-18 15:27:13 [TestNG-tests-2] INFO  com.orangehrm.base.BaseTest - TC04 - searching for existing employee: Charlotte Smith
2026-09-18 15:27:15 [TestNG-tests-2] INFO  com.orangehrm.base.BaseTest - Driver started for thread 26
2026-09-18 15:27:15 [TestNG-tests-2] INFO  com.orangehrm.base.BaseTest - TC04 - searching for existing employee: Charlotte Smith
2026-09-18 15:27:15 [TestNG-tests-1] INFO  com.orangehrm.base.BaseTest - Driver started for thread 27
2026-09-18 15:27:15 [TestNG-tests-1] INFO  com.orangehrm.base.BaseTest - ========== Starting Test Case #2: Login with invalid credentials ==========
2026-09-18 15:27:15 [TestNG-tests-1] INFO  com.orangehrm.base.BaseTest - TC02 - login with invalid credentials: WrongUser
2026-09-18 15:27:15 [TestNG-tests-1] ERROR com.orangehrm.listeners.RetryAnalyzer - Test 'testLoginWithInvalidCredentials' failed. Retry attempt 1 of 2
2026-09-18 15:27:16 [TestNG-tests-1] INFO  com.orangehrm.base.BaseTest - Closing driver for thread 25
2026-09-18 15:27:17 [TestNG-tests-1] INFO  com.orangehrm.base.BaseTest - Driver started for thread 25
2026-09-18 15:27:17 [TestNG-tests-1] INFO  com.orangehrm.base.BaseTest - ========== Starting Test Case #2: Login with invalid credentials ==========
2026-09-18 15:27:17 [TestNG-tests-1] INFO  com.orangehrm.base.BaseTest - TC02 - login with invalid credentials: WrongUser
2026-09-18 15:27:28 [TestNG-tests-1] INFO  com.orangehrm.base.BaseTest - Driver started for thread 25
2026-09-18 15:27:28 [TestNG-tests-1] INFO  com.orangehrm.base.BaseTest - TC03 - login with empty fields
2026-09-18 15:27:38 [TestNG-tests-3] ERROR com.orangehrm.listeners.RetryAnalyzer - Test 'testAddUserFormFields' failed. Retry attempt 2 of 2
2026-09-18 15:27:38 [TestNG-tests-3] INFO  com.orangehrm.base.BaseTest - Closing driver for thread 27
2026-09-18 15:27:40 [TestNG-tests-3] INFO  com.orangehrm.base.BaseTest - Driver started for thread 27
2026-09-18 15:27:40 [TestNG-tests-3] INFO  com.orangehrm.base.BaseTest - TC09 - verifying the Add User form fields
2026-09-18 15:27:44 [TestNG-tests-3] ERROR com.orangehrm.listeners.RetryAnalyzer - Test 'testAddUserFormFields' failed. Retry attempt 1 of 2
2026-09-18 15:27:44 [TestNG-tests-3] INFO  com.orangehrm.base.BaseTest - Closing driver for thread 27
2026-09-18 15:27:45 [TestNG-tests-3] INFO  com.orangehrm.base.BaseTest - Driver started for thread 27
2026-09-18 15:27:45 [TestNG-tests-3] INFO  com.orangehrm.base.BaseTest - TC09 - verifying the Add User form fields
2026-09-18 15:27:48 [TestNG-tests-3] INFO  com.orangehrm.base.BaseTest - Closing driver for thread 29
2026-09-18 15:27:50 [TestNG-tests-3] INFO  com.orangehrm.base.BaseTest - Driver started for thread 29
2026-09-18 15:27:50 [TestNG-tests-3] INFO  com.orangehrm.base.BaseTest - TC10 - verifying the footer branding link
2026-09-18 15:27:52 [TestNG-tests-2] INFO  com.orangehrm.base.BaseTest - Logged in as Admin
2026-09-18 15:27:55 [TestNG-tests-2] ERROR com.orangehrm.listeners.RetryAnalyzer - Test 'testSearchExistingEmployee' failed. Retry attempt 2 of 2
2026-09-18 15:27:55 [TestNG-tests-2] INFO  com.orangehrm.base.BaseTest - Closing driver for thread 26
2026-09-18 15:27:55 [TestNG-tests-1] ERROR com.orangehrm.listeners.RetryAnalyzer - Test 'testLoginWithInvalidCredentials' failed. Retry attempt 2 of 2
2026-09-18 15:27:55 [TestNG-tests-1] INFO  com.orangehrm.base.BaseTest - Closing driver for thread 27
2026-09-18 15:27:57 [TestNG-tests-2] ERROR com.orangehrm.listeners.RetryAnalyzer - Test 'testSearchExistingEmployee' failed. Retry attempt 2 of 2
2026-09-18 15:27:57 [TestNG-tests-2] INFO  com.orangehrm.base.BaseTest - Driver started for thread 26
2026-09-18 15:27:57 [TestNG-tests-2] INFO  com.orangehrm.base.BaseTest - TC04 - searching for existing employee: Charlotte Smith
2026-09-18 15:27:58 [TestNG-tests-1] INFO  com.orangehrm.base.BaseTest - Driver started for thread 27
2026-09-18 15:27:58 [TestNG-tests-1] INFO  com.orangehrm.base.BaseTest - ========== Starting Test Case #2: Login with invalid credentials ==========
2026-09-18 15:27:58 [TestNG-tests-1] INFO  com.orangehrm.base.BaseTest - TC02 - login with invalid credentials: WrongUser
2026-09-18 15:27:59 [TestNG-tests-2] INFO  com.orangehrm.base.BaseTest - Closing driver for thread 26
2026-09-18 15:28:01 [TestNG-tests-2] INFO  com.orangehrm.base.BaseTest - Driver started for thread 26
2026-09-18 15:28:01 [TestNG-tests-2] INFO  com.orangehrm.base.BaseTest - TC04 - searching for existing employee: Charlotte Smith
2026-09-18 15:28:02 [TestNG-tests-1] INFO  com.orangehrm.base.BaseTest - Closing driver for thread 25
2026-09-18 15:28:04 [TestNG-tests-1] INFO  com.orangehrm.base.BaseTest - Driver started for thread 25
2026-09-18 15:28:04 [TestNG-tests-1] INFO  com.orangehrm.base.BaseTest - ========== Starting Test Case #1: Login with valid credentials ==========
2026-09-18 15:28:04 [TestNG-tests-1] INFO  com.orangehrm.base.BaseTest - TC01 - login with valid credentials: Admin
2026-09-18 15:28:08 [TestNG-tests-1] ERROR com.orangehrm.listeners.RetryAnalyzer - Test 'testLoginWithEmptyFields' failed. Retry attempt 1 of 2
2026-09-18 15:28:08 [TestNG-tests-1] INFO  com.orangehrm.base.BaseTest - Closing driver for thread 25
2026-09-18 15:28:10 [TestNG-tests-1] INFO  com.orangehrm.base.BaseTest - Driver started for thread 25
2026-09-18 15:28:10 [TestNG-tests-1] INFO  com.orangehrm.base.BaseTest - TC03 - login with empty fields
2026-09-18 15:28:11 [TestNG-tests-2] INFO  com.orangehrm.base.BaseTest - Closing driver for thread 28
2026-09-18 15:28:12 [TestNG-tests-2] INFO  com.orangehrm.base.BaseTest - Driver started for thread 28
2026-09-18 15:28:12 [TestNG-tests-2] INFO  com.orangehrm.base.BaseTest - TC08 - creating employee John Doe491270
2026-09-18 15:28:22 [TestNG-tests-3] INFO  com.orangehrm.base.BaseTest - Logged in as Admin
2026-09-18 15:28:25 [TestNG-tests-3] INFO  com.orangehrm.base.BaseTest - Logged in as Admin
2026-09-18 15:28:28 [TestNG-tests-3] INFO  com.orangehrm.base.BaseTest - Logged in as Admin
2026-09-18 15:28:38 [TestNG-tests-2] INFO  com.orangehrm.base.BaseTest - Closing driver for thread 26
2026-09-18 15:28:40 [TestNG-tests-2] INFO  com.orangehrm.base.BaseTest - Driver started for thread 26
2026-09-18 15:28:40 [TestNG-tests-2] INFO  com.orangehrm.base.BaseTest - TC05 - searching for non-existing employee: Zzqx Notreal
2026-09-18 15:28:41 [TestNG-tests-2] INFO  com.orangehrm.base.BaseTest - Closing driver for thread 26
2026-09-18 15:28:44 [TestNG-tests-2] INFO  com.orangehrm.base.BaseTest - Driver started for thread 26
2026-09-18 15:28:44 [TestNG-tests-2] INFO  com.orangehrm.base.BaseTest - TC05 - searching for non-existing employee: Zzqx Notreal
2026-09-18 15:28:44 [TestNG-tests-1] ERROR com.orangehrm.listeners.RetryAnalyzer - Test 'testLoginWithValidCredentials' failed. Retry attempt 1 of 2
2026-09-18 15:28:44 [TestNG-tests-1] INFO  com.orangehrm.base.BaseTest - Closing driver for thread 25
2026-09-18 15:28:46 [TestNG-tests-1] INFO  com.orangehrm.base.BaseTest - Closing driver for thread 27
2026-09-18 15:28:46 [TestNG-tests-3] INFO  com.orangehrm.base.BaseTest - Closing driver for thread 27
2026-09-18 15:28:47 [TestNG-tests-1] INFO  com.orangehrm.base.BaseTest - Driver started for thread 25
2026-09-18 15:28:47 [TestNG-tests-1] INFO  com.orangehrm.base.BaseTest - ========== Starting Test Case #1: Login with valid credentials ==========
2026-09-18 15:28:47 [TestNG-tests-1] INFO  com.orangehrm.base.BaseTest - TC01 - login with valid credentials: Admin
2026-09-18 15:28:49 [TestNG-tests-1] INFO  com.orangehrm.base.BaseTest - Driver started for thread 27
2026-09-18 15:28:49 [TestNG-tests-1] INFO  com.orangehrm.base.BaseTest - ========== Starting Test Case #1: Login with valid credentials ==========
2026-09-18 15:28:49 [TestNG-tests-1] INFO  com.orangehrm.base.BaseTest - TC01 - login with valid credentials: Admin
2026-09-18 15:28:50 [TestNG-tests-3] INFO  com.orangehrm.base.BaseTest - Driver started for thread 27
2026-09-18 15:28:50 [TestNG-tests-3] INFO  com.orangehrm.base.BaseTest - TC10 - verifying the footer branding link
2026-09-18 15:28:50 [TestNG-tests-1] ERROR com.orangehrm.listeners.RetryAnalyzer - Test 'testLoginWithEmptyFields' failed. Retry attempt 2 of 2
2026-09-18 15:28:50 [TestNG-tests-1] INFO  com.orangehrm.base.BaseTest - Closing driver for thread 25
2026-09-18 15:28:50 [TestNG-tests-3] INFO  com.orangehrm.base.BaseTest - Closing driver for thread 27
2026-09-18 15:28:52 [TestNG-tests-2] ERROR com.orangehrm.listeners.RetryAnalyzer - Test 'testAddEmployeeEndToEnd' failed. Retry attempt 1 of 2
2026-09-18 15:28:53 [TestNG-tests-3] INFO  com.orangehrm.base.BaseTest - Driver started for thread 27
2026-09-18 15:28:53 [TestNG-tests-3] INFO  com.orangehrm.base.BaseTest - TC10 - verifying the footer branding link
2026-09-18 15:28:53 [TestNG-tests-1] INFO  com.orangehrm.base.BaseTest - Driver started for thread 25
2026-09-18 15:28:53 [TestNG-tests-1] INFO  com.orangehrm.base.BaseTest - TC03 - login with empty fields
2026-09-18 15:28:54 [TestNG-tests-2] INFO  com.orangehrm.base.BaseTest - Closing driver for thread 28
2026-09-18 15:28:56 [TestNG-tests-2] INFO  com.orangehrm.base.BaseTest - Driver started for thread 28
2026-09-18 15:28:56 [TestNG-tests-2] INFO  com.orangehrm.base.BaseTest - TC08 - creating employee John Doe491270
2026-09-18 15:29:20 [TestNG-tests-2] ERROR com.orangehrm.listeners.RetryAnalyzer - Test 'testSearchNonExistingEmployee' failed. Retry attempt 1 of 2
2026-09-18 15:29:20 [TestNG-tests-2] INFO  com.orangehrm.base.BaseTest - Closing driver for thread 26
2026-09-18 15:29:20 [TestNG-tests-3] ERROR com.orangehrm.listeners.RetryAnalyzer - Test 'testFooterBrandingLink' failed. Retry attempt 1 of 2
2026-09-18 15:29:20 [TestNG-tests-3] INFO  com.orangehrm.base.BaseTest - Closing driver for thread 29
2026-09-18 15:29:23 [TestNG-tests-2] INFO  com.orangehrm.base.BaseTest - Driver started for thread 26
2026-09-18 15:29:23 [TestNG-tests-2] INFO  com.orangehrm.base.BaseTest - TC05 - searching for non-existing employee: Zzqx Notreal
2026-09-18 15:29:23 [TestNG-tests-3] INFO  com.orangehrm.base.BaseTest - Driver started for thread 29
2026-09-18 15:29:23 [TestNG-tests-3] INFO  com.orangehrm.base.BaseTest - TC10 - verifying the footer branding link
2026-09-18 15:29:27 [TestNG-tests-1] ERROR com.orangehrm.listeners.RetryAnalyzer - Test 'testLoginWithValidCredentials' failed. Retry attempt 2 of 2
2026-09-18 15:29:27 [TestNG-tests-1] INFO  com.orangehrm.base.BaseTest - Closing driver for thread 25
2026-09-18 15:29:29 [TestNG-tests-1] INFO  com.orangehrm.base.BaseTest - Driver started for thread 25
2026-09-18 15:29:29 [TestNG-tests-1] INFO  com.orangehrm.base.BaseTest - ========== Starting Test Case #1: Login with valid credentials ==========
2026-09-18 15:29:29 [TestNG-tests-1] INFO  com.orangehrm.base.BaseTest - TC01 - login with valid credentials: Admin
2026-09-18 15:29:29 [TestNG-tests-1] ERROR com.orangehrm.listeners.RetryAnalyzer - Test 'testLoginWithValidCredentials' failed. Retry attempt 1 of 2
2026-09-18 15:29:29 [TestNG-tests-1] INFO  com.orangehrm.base.BaseTest - Closing driver for thread 27
2026-09-18 15:29:30 [TestNG-tests-3] ERROR com.orangehrm.listeners.RetryAnalyzer - Test 'testFooterBrandingLink' failed. Retry attempt 1 of 2
2026-09-18 15:29:30 [TestNG-tests-3] INFO  com.orangehrm.base.BaseTest - Closing driver for thread 27
2026-09-18 15:29:30 [TestNG-tests-2] INFO  com.orangehrm.base.BaseTest - Logged in as Admin
2026-09-18 15:29:31 [TestNG-tests-1] INFO  com.orangehrm.base.BaseTest - Driver started for thread 27
2026-09-18 15:29:31 [TestNG-tests-1] INFO  com.orangehrm.base.BaseTest - ========== Starting Test Case #1: Login with valid credentials ==========
2026-09-18 15:29:31 [TestNG-tests-1] INFO  com.orangehrm.base.BaseTest - TC01 - login with valid credentials: Admin
2026-09-18 15:29:33 [TestNG-tests-3] INFO  com.orangehrm.base.BaseTest - Driver started for thread 27
2026-09-18 15:29:33 [TestNG-tests-3] INFO  com.orangehrm.base.BaseTest - TC10 - verifying the footer branding link
2026-09-18 15:29:33 [TestNG-tests-3] ERROR com.orangehrm.listeners.RetryAnalyzer - Test 'testFooterBrandingLink' failed. Retry attempt 1 of 2
2026-09-18 15:29:34 [TestNG-tests-3] INFO  com.orangehrm.base.BaseTest - Closing driver for thread 27
2026-09-18 15:29:34 [TestNG-tests-1] INFO  com.orangehrm.base.BaseTest - Closing driver for thread 25
2026-09-18 15:29:36 [TestNG-tests-2] ERROR com.orangehrm.listeners.RetryAnalyzer - Test 'testAddEmployeeEndToEnd' failed. Retry attempt 2 of 2
2026-09-18 15:29:36 [TestNG-tests-1] INFO  com.orangehrm.base.BaseTest - Driver started for thread 25
2026-09-18 15:29:36 [TestNG-tests-1] INFO  com.orangehrm.base.BaseTest - ========== Starting Test Case #2: Login with invalid credentials ==========
2026-09-18 15:29:36 [TestNG-tests-1] INFO  com.orangehrm.base.BaseTest - TC02 - login with invalid credentials: WrongUser
2026-09-18 15:29:37 [TestNG-tests-3] INFO  com.orangehrm.base.BaseTest - Driver started for thread 27
2026-09-18 15:29:37 [TestNG-tests-3] INFO  com.orangehrm.base.BaseTest - TC10 - verifying the footer branding link
2026-09-18 15:29:37 [TestNG-tests-2] INFO  com.orangehrm.base.BaseTest - Closing driver for thread 28
2026-09-18 15:29:39 [TestNG-tests-2] INFO  com.orangehrm.base.BaseTest - Driver started for thread 28
2026-09-18 15:29:39 [TestNG-tests-2] INFO  com.orangehrm.base.BaseTest - TC08 - creating employee John Doe491270
2026-09-18 15:29:45 [TestNG-tests-2] INFO  com.orangehrm.base.BaseTest - Closing driver for thread 26
2026-09-18 15:29:46 [TestNG-tests-2] INFO  com.orangehrm.base.BaseTest - Driver started for thread 26
2026-09-18 15:29:46 [TestNG-tests-2] INFO  com.orangehrm.base.BaseTest - TC08 - creating employee John Doe585044
2026-09-18 15:29:57 [TestNG-tests-3] ERROR com.orangehrm.listeners.RetryAnalyzer - Test 'testFooterBrandingLink' failed. Retry attempt 2 of 2
2026-09-18 15:29:57 [TestNG-tests-3] INFO  com.orangehrm.base.BaseTest - Closing driver for thread 29
2026-09-18 15:29:59 [TestNG-tests-3] INFO  com.orangehrm.base.BaseTest - Driver started for thread 29
2026-09-18 15:29:59 [TestNG-tests-3] INFO  com.orangehrm.base.BaseTest - TC10 - verifying the footer branding link
2026-09-18 15:30:00 [TestNG-tests-2] INFO  com.orangehrm.base.BaseTest - Logged in as Admin
2026-09-18 15:30:10 [TestNG-tests-1] INFO  com.orangehrm.base.BaseTest - Closing driver for thread 25
2026-09-18 15:30:13 [TestNG-tests-3] ERROR com.orangehrm.listeners.RetryAnalyzer - Test 'testFooterBrandingLink' failed. Retry attempt 2 of 2
2026-09-18 15:30:13 [TestNG-tests-3] INFO  com.orangehrm.base.BaseTest - Closing driver for thread 27
2026-09-18 15:30:14 [TestNG-tests-3] INFO  com.orangehrm.base.BaseTest - Driver started for thread 27
2026-09-18 15:30:14 [TestNG-tests-3] INFO  com.orangehrm.base.BaseTest - TC10 - verifying the footer branding link
2026-09-18 15:30:16 [TestNG-tests-1] ERROR com.orangehrm.listeners.RetryAnalyzer - Test 'testLoginWithInvalidCredentials' failed. Retry attempt 1 of 2
2026-09-18 15:30:17 [TestNG-tests-1] INFO  com.orangehrm.base.BaseTest - Closing driver for thread 25
2026-09-18 15:30:17 [TestNG-tests-3] ERROR com.orangehrm.listeners.RetryAnalyzer - Test 'testFooterBrandingLink' failed. Retry attempt 2 of 2
2026-09-18 15:30:17 [TestNG-tests-3] INFO  com.orangehrm.base.BaseTest - Closing driver for thread 27
2026-09-18 15:30:19 [TestNG-tests-1] INFO  com.orangehrm.base.BaseTest - Driver started for thread 25
2026-09-18 15:30:19 [TestNG-tests-1] INFO  com.orangehrm.base.BaseTest - ========== Starting Test Case #2: Login with invalid credentials ==========
2026-09-18 15:30:19 [TestNG-tests-1] INFO  com.orangehrm.base.BaseTest - TC02 - login with invalid credentials: WrongUser
2026-09-18 15:30:20 [TestNG-tests-2] INFO  com.orangehrm.base.BaseTest - Closing driver for thread 28
2026-09-18 15:30:20 [TestNG-tests-3] INFO  com.orangehrm.base.BaseTest - Driver started for thread 27
2026-09-18 15:30:20 [TestNG-tests-3] INFO  com.orangehrm.base.BaseTest - TC10 - verifying the footer branding link
2026-09-18 15:30:21 [TestNG-tests-1] INFO  com.orangehrm.base.BaseTest - Closing driver for thread 27
2026-09-18 15:30:23 [TestNG-tests-2] INFO  com.orangehrm.base.BaseTest - Driver started for thread 28
2026-09-18 15:30:23 [TestNG-tests-2] INFO  com.orangehrm.base.BaseTest - TC07 - saving an employee without a first name
2026-09-18 15:30:23 [TestNG-tests-2] INFO  com.orangehrm.base.BaseTest - Closing driver for thread 26
2026-09-18 15:30:25 [TestNG-tests-2] INFO  com.orangehrm.base.BaseTest - Driver started for thread 26
2026-09-18 15:30:25 [TestNG-tests-2] INFO  com.orangehrm.base.BaseTest - TC08 - creating employee John Doe623742
2026-09-18 15:30:26 [TestNG-tests-2] ERROR com.orangehrm.listeners.RetryAnalyzer - Test 'testAddEmployeeEndToEnd' failed. Retry attempt 1 of 2
2026-09-18 15:30:26 [TestNG-tests-2] INFO  com.orangehrm.base.BaseTest - Closing driver for thread 26
2026-09-18 15:30:29 [TestNG-tests-2] INFO  com.orangehrm.base.BaseTest - Driver started for thread 26
2026-09-18 15:30:29 [TestNG-tests-2] INFO  com.orangehrm.base.BaseTest - TC08 - creating employee John Doe585044
2026-09-18 15:30:30 [TestNG-tests-3] INFO  com.orangehrm.base.BaseTest - Logged in as Admin
2026-09-18 15:30:38 [TestNG-tests-3] INFO  com.orangehrm.base.BaseTest - Closing driver for thread 27
2026-09-18 15:30:40 [TestNG-tests-3] INFO  com.orangehrm.base.BaseTest - Driver started for thread 27
2026-09-18 15:30:40 [TestNG-tests-3] INFO  com.orangehrm.base.BaseTest - TC11 - verifying the sidebar menu items
2026-09-18 15:30:47 [TestNG-tests-3] INFO  com.orangehrm.base.BaseTest - Logged in as Admin
2026-09-18 15:30:54 [TestNG-tests-1] INFO  com.orangehrm.base.BaseTest - Closing driver for thread 25
2026-09-18 15:30:56 [TestNG-tests-1] INFO  com.orangehrm.base.BaseTest - Driver started for thread 25
2026-09-18 15:30:56 [TestNG-tests-1] INFO  com.orangehrm.base.BaseTest - ========== Starting Test Case #1: Login with valid credentials ==========
2026-09-18 15:30:56 [TestNG-tests-1] INFO  com.orangehrm.base.BaseTest - TC01 - login with valid credentials: Admin
2026-09-18 15:30:58 [TestNG-tests-2] INFO  com.orangehrm.base.BaseTest - Logged in as Admin
2026-09-18 15:31:01 [TestNG-tests-2] INFO  com.orangehrm.base.BaseTest - Logged in as Admin
2026-09-18 15:31:06 [TestNG-tests-2] INFO  com.orangehrm.base.BaseTest - Logged in as Admin
2026-09-18 15:31:20 [TestNG-tests-3] ERROR com.orangehrm.listeners.RetryAnalyzer - Test 'testSidebarMenuItems' failed. Retry attempt 1 of 2
2026-09-18 15:31:20 [TestNG-tests-3] INFO  com.orangehrm.base.BaseTest - Closing driver for thread 27
2026-09-18 15:31:23 [TestNG-tests-3] INFO  com.orangehrm.base.BaseTest - Driver started for thread 27
2026-09-18 15:31:23 [TestNG-tests-3] INFO  com.orangehrm.base.BaseTest - TC11 - verifying the sidebar menu items
2026-09-18 15:31:23 [TestNG-tests-2] INFO  com.orangehrm.base.BaseTest - Closing driver for thread 28
2026-09-18 15:31:25 [TestNG-tests-2] INFO  com.orangehrm.base.BaseTest - Driver started for thread 28
2026-09-18 15:31:25 [TestNG-tests-2] INFO  com.orangehrm.base.BaseTest - TC06 - opening the Add Employee page
2026-09-18 15:31:27 [TestNG-tests-3] INFO  com.orangehrm.base.BaseTest - Closing driver for thread 29
2026-09-18 15:31:30 [TestNG-tests-3] INFO  com.orangehrm.base.BaseTest - Driver started for thread 29
2026-09-18 15:31:30 [TestNG-tests-3] INFO  com.orangehrm.base.BaseTest - TC11 - verifying the sidebar menu items
2026-09-18 15:31:38 [TestNG-tests-1] INFO  com.orangehrm.base.BaseTest - Closing driver for thread 25
2026-09-18 15:31:43 [TestNG-tests-3] INFO  com.orangehrm.base.BaseTest - Logged in as Admin
2026-09-18 15:31:45 [TestNG-tests-2] INFO  com.orangehrm.base.BaseTest - Closing driver for thread 26
2026-09-18 15:31:47 [TestNG-tests-2] INFO  com.orangehrm.base.BaseTest - Driver started for thread 26
2026-09-18 15:31:47 [TestNG-tests-2] INFO  com.orangehrm.base.BaseTest - TC07 - saving an employee without a first name
2026-09-18 15:31:51 [TestNG-tests-2] INFO  com.orangehrm.base.BaseTest - Closing driver for thread 26
2026-09-18 15:31:51 [TestNG-tests-3] INFO  com.orangehrm.base.BaseTest - Closing driver for thread 27
2026-09-18 15:31:51 [TestNG-tests-3] INFO  com.orangehrm.base.BaseTest - Closing driver for thread 27
2026-09-18 15:31:52 [TestNG-tests-2] INFO  com.orangehrm.base.BaseTest - Logged in as Admin
2026-09-18 15:31:54 [TestNG-tests-3] INFO  com.orangehrm.base.BaseTest - Driver started for thread 27
2026-09-18 15:31:54 [TestNG-tests-2] INFO  com.orangehrm.base.BaseTest - Driver started for thread 26
2026-09-18 15:31:54 [TestNG-tests-3] INFO  com.orangehrm.base.BaseTest - TC11 - verifying the sidebar menu items
2026-09-18 15:31:54 [TestNG-tests-2] INFO  com.orangehrm.base.BaseTest - TC07 - saving an employee without a first name
2026-09-18 15:31:55 [TestNG-tests-3] INFO  com.orangehrm.base.BaseTest - Logged in as Admin
2026-09-18 15:31:59 [TestNG-tests-3] INFO  com.orangehrm.base.BaseTest - Closing driver for thread 29
2026-09-18 15:31:59 [TestNG-tests-2] INFO  com.orangehrm.base.BaseTest - Closing driver for thread 28
2026-09-18 15:32:03 [TestNG-tests-2] INFO  com.orangehrm.base.BaseTest - Logged in as Admin
2026-09-18 15:32:10 [TestNG-tests-2] INFO  com.orangehrm.base.BaseTest - Logged in as Admin
2026-09-18 15:32:12 [TestNG-tests-3] INFO  com.orangehrm.base.BaseTest - Logged in as Admin
2026-09-18 15:32:14 [TestNG-tests-3] INFO  com.orangehrm.base.BaseTest - Closing driver for thread 27
2026-09-18 15:32:15 [TestNG-tests-2] INFO  com.orangehrm.base.BaseTest - Closing driver for thread 26
2026-09-18 15:32:17 [TestNG-tests-2] INFO  com.orangehrm.base.BaseTest - Driver started for thread 26
2026-09-18 15:32:17 [TestNG-tests-2] INFO  com.orangehrm.base.BaseTest - TC06 - opening the Add Employee page
2026-09-18 15:32:18 [TestNG-tests-2] INFO  com.orangehrm.base.BaseTest - Closing driver for thread 26
2026-09-18 15:32:20 [TestNG-tests-2] INFO  com.orangehrm.base.BaseTest - Driver started for thread 26
2026-09-18 15:32:20 [TestNG-tests-2] INFO  com.orangehrm.base.BaseTest - TC06 - opening the Add Employee page
2026-09-18 15:32:22 [TestNG-tests-2] INFO  com.orangehrm.base.BaseTest - Logged in as Admin
2026-09-18 15:32:26 [TestNG-tests-2] INFO  com.orangehrm.base.BaseTest - Logged in as Admin
2026-09-18 15:32:26 [TestNG-tests-2] INFO  com.orangehrm.base.BaseTest - Closing driver for thread 26
2026-09-18 15:32:30 [TestNG-tests-2] INFO  com.orangehrm.base.BaseTest - Closing driver for thread 26
2026-09-18 15:35:45 [TestNG-tests-3] INFO  com.orangehrm.base.BaseTest - Driver started for thread 27
2026-09-18 15:35:45 [TestNG-tests-2] INFO  com.orangehrm.base.BaseTest - Driver started for thread 26
2026-09-18 15:35:45 [TestNG-tests-1] INFO  com.orangehrm.base.BaseTest - Driver started for thread 25
2026-09-18 15:35:45 [TestNG-tests-1] INFO  com.orangehrm.base.BaseTest - TC03 - login with empty fields
2026-09-18 15:35:45 [TestNG-tests-3] INFO  com.orangehrm.base.BaseTest - TC09 - verifying the Add User form fields
2026-09-18 15:35:45 [TestNG-tests-2] INFO  com.orangehrm.base.BaseTest - TC04 - searching for existing employee: Charlotte Smith
2026-09-18 15:35:54 [TestNG-tests-1] INFO  com.orangehrm.base.BaseTest - Closing driver for thread 25
2026-09-18 15:35:56 [TestNG-tests-2] ERROR com.orangehrm.listeners.RetryAnalyzer - Test 'testSearchExistingEmployee' failed. Retry attempt 1 of 2
2026-09-18 15:35:57 [TestNG-tests-1] INFO  com.orangehrm.base.BaseTest - Driver started for thread 25
2026-09-18 15:35:57 [TestNG-tests-1] INFO  com.orangehrm.base.BaseTest - ========== Starting Test Case #2: Login with invalid credentials ==========
2026-09-18 15:35:57 [TestNG-tests-1] INFO  com.orangehrm.base.BaseTest - TC02 - login with invalid credentials: WrongUser
2026-09-18 15:35:58 [TestNG-tests-2] INFO  com.orangehrm.base.BaseTest - Closing driver for thread 26
2026-09-18 15:35:58 [TestNG-tests-3] INFO  com.orangehrm.base.BaseTest - Logged in as Admin
2026-09-18 15:36:02 [TestNG-tests-2] INFO  com.orangehrm.base.BaseTest - Driver started for thread 26
2026-09-18 15:36:02 [TestNG-tests-2] INFO  com.orangehrm.base.BaseTest - TC04 - searching for existing employee: Charlotte Smith
2026-09-18 15:36:10 [TestNG-tests-2] INFO  com.orangehrm.base.BaseTest - Driver started for thread 25
2026-09-18 15:36:10 [TestNG-tests-2] INFO  com.orangehrm.base.BaseTest - TC04 - searching for existing employee: Charlotte Smith
2026-09-18 15:36:10 [TestNG-tests-3] INFO  com.orangehrm.base.BaseTest - Driver started for thread 26
2026-09-18 15:36:10 [TestNG-tests-3] INFO  com.orangehrm.base.BaseTest - TC09 - verifying the Add User form fields
2026-09-18 15:36:10 [TestNG-tests-1] INFO  com.orangehrm.base.BaseTest - Driver started for thread 24
2026-09-18 15:36:10 [TestNG-tests-1] INFO  com.orangehrm.base.BaseTest - TC03 - login with empty fields
2026-09-18 15:36:11 [TestNG-tests-3] INFO  com.orangehrm.base.BaseTest - Closing driver for thread 27
2026-09-18 15:36:12 [TestNG-tests-1] INFO  com.orangehrm.base.BaseTest - Closing driver for thread 25
2026-09-18 15:36:14 [TestNG-tests-2] INFO  com.orangehrm.base.BaseTest - Logged in as Admin
2026-09-18 15:36:14 [TestNG-tests-3] INFO  com.orangehrm.base.BaseTest - Driver started for thread 27
2026-09-18 15:36:14 [TestNG-tests-3] INFO  com.orangehrm.base.BaseTest - TC10 - verifying the footer branding link
2026-09-18 15:36:15 [TestNG-tests-1] INFO  com.orangehrm.base.BaseTest - Driver started for thread 25
2026-09-18 15:36:15 [TestNG-tests-1] INFO  com.orangehrm.base.BaseTest - ========== Starting Test Case #1: Login with valid credentials ==========
2026-09-18 15:36:15 [TestNG-tests-1] INFO  com.orangehrm.base.BaseTest - TC01 - login with valid credentials: Admin
2026-09-18 15:36:19 [TestNG-tests-2] INFO  com.orangehrm.base.BaseTest - Logged in as Admin
2026-09-18 15:36:29 [TestNG-tests-2] INFO  com.orangehrm.base.BaseTest - Closing driver for thread 26
2026-09-18 15:36:29 [TestNG-tests-3] INFO  com.orangehrm.base.BaseTest - Logged in as Admin
2026-09-18 15:36:30 [TestNG-tests-1] INFO  com.orangehrm.base.BaseTest - Closing driver for thread 24
2026-09-18 15:36:31 [TestNG-tests-2] INFO  com.orangehrm.base.BaseTest - Driver started for thread 26
2026-09-18 15:36:31 [TestNG-tests-2] INFO  com.orangehrm.base.BaseTest - TC05 - searching for non-existing employee: Zzqx Notreal
2026-09-18 15:36:32 [TestNG-tests-1] INFO  com.orangehrm.base.BaseTest - Driver started for thread 24
2026-09-18 15:36:32 [TestNG-tests-1] INFO  com.orangehrm.base.BaseTest - ========== Starting Test Case #2: Login with invalid credentials ==========
2026-09-18 15:36:32 [TestNG-tests-1] INFO  com.orangehrm.base.BaseTest - TC02 - login with invalid credentials: WrongUser
2026-09-18 15:36:38 [TestNG-tests-3] INFO  com.orangehrm.base.BaseTest - Logged in as Admin
2026-09-18 15:36:41 [TestNG-tests-2] INFO  com.orangehrm.base.BaseTest - Closing driver for thread 25
2026-09-18 15:36:43 [TestNG-tests-2] INFO  com.orangehrm.base.BaseTest - Driver started for thread 25
2026-09-18 15:36:43 [TestNG-tests-2] INFO  com.orangehrm.base.BaseTest - TC05 - searching for non-existing employee: Zzqx Notreal
2026-09-18 15:36:44 [TestNG-tests-3] INFO  com.orangehrm.base.BaseTest - Closing driver for thread 26
2026-09-18 15:36:45 [TestNG-tests-1] INFO  com.orangehrm.base.BaseTest - Closing driver for thread 25
2026-09-18 15:36:46 [TestNG-tests-3] INFO  com.orangehrm.base.BaseTest - Driver started for thread 26
2026-09-18 15:36:46 [TestNG-tests-3] INFO  com.orangehrm.base.BaseTest - TC10 - verifying the footer branding link
2026-09-18 15:36:56 [TestNG-tests-2] INFO  com.orangehrm.base.BaseTest - Logged in as Admin
2026-09-18 15:37:02 [TestNG-tests-1] INFO  com.orangehrm.base.BaseTest - Closing driver for thread 24
2026-09-18 15:37:03 [TestNG-tests-1] INFO  com.orangehrm.base.BaseTest - Driver started for thread 24
2026-09-18 15:37:03 [TestNG-tests-1] INFO  com.orangehrm.base.BaseTest - ========== Starting Test Case #1: Login with valid credentials ==========
2026-09-18 15:37:03 [TestNG-tests-1] INFO  com.orangehrm.base.BaseTest - TC01 - login with valid credentials: Admin
2026-09-18 15:37:05 [TestNG-tests-2] INFO  com.orangehrm.base.BaseTest - Logged in as Admin
2026-09-18 15:37:11 [TestNG-tests-3] INFO  com.orangehrm.base.BaseTest - Logged in as Admin
2026-09-18 15:37:13 [TestNG-tests-2] INFO  com.orangehrm.base.BaseTest - Closing driver for thread 26
2026-09-18 15:37:15 [TestNG-tests-2] INFO  com.orangehrm.base.BaseTest - Driver started for thread 26
2026-09-18 15:37:15 [TestNG-tests-2] INFO  com.orangehrm.base.BaseTest - TC08 - creating employee John Doe033316
2026-09-18 15:37:20 [TestNG-tests-2] INFO  com.orangehrm.base.BaseTest - Closing driver for thread 25
2026-09-18 15:37:21 [TestNG-tests-2] INFO  com.orangehrm.base.BaseTest - Driver started for thread 25
2026-09-18 15:37:21 [TestNG-tests-2] INFO  com.orangehrm.base.BaseTest - TC08 - creating employee John Doe040050
2026-09-18 15:37:24 [TestNG-tests-3] INFO  com.orangehrm.base.BaseTest - Closing driver for thread 27
2026-09-18 15:37:26 [TestNG-tests-3] INFO  com.orangehrm.base.BaseTest - Driver started for thread 27
2026-09-18 15:37:26 [TestNG-tests-3] INFO  com.orangehrm.base.BaseTest - TC11 - verifying the sidebar menu items
2026-09-18 15:37:32 [TestNG-tests-1] INFO  com.orangehrm.base.BaseTest - Closing driver for thread 24
2026-09-18 15:37:41 [TestNG-tests-2] ERROR com.orangehrm.listeners.RetryAnalyzer - Test 'testAddEmployeeEndToEnd' failed. Retry attempt 1 of 2
2026-09-18 15:37:41 [TestNG-tests-2] INFO  com.orangehrm.base.BaseTest - Closing driver for thread 26
2026-09-18 15:37:43 [TestNG-tests-2] INFO  com.orangehrm.base.BaseTest - Driver started for thread 26
2026-09-18 15:37:43 [TestNG-tests-2] INFO  com.orangehrm.base.BaseTest - TC08 - creating employee John Doe033316
2026-09-18 15:38:05 [TestNG-tests-3] ERROR com.orangehrm.listeners.RetryAnalyzer - Test 'testFooterBrandingLink' failed. Retry attempt 1 of 2
2026-09-18 15:38:06 [TestNG-tests-3] INFO  com.orangehrm.base.BaseTest - Closing driver for thread 26
2026-09-18 15:38:07 [TestNG-tests-2] ERROR com.orangehrm.listeners.RetryAnalyzer - Test 'testAddEmployeeEndToEnd' failed. Retry attempt 1 of 2
2026-09-18 15:38:07 [TestNG-tests-3] INFO  com.orangehrm.base.BaseTest - Driver started for thread 26
2026-09-18 15:38:07 [TestNG-tests-3] INFO  com.orangehrm.base.BaseTest - TC10 - verifying the footer branding link
2026-09-18 15:38:07 [TestNG-tests-2] INFO  com.orangehrm.base.BaseTest - Closing driver for thread 25
2026-09-18 15:38:09 [TestNG-tests-3] ERROR com.orangehrm.listeners.RetryAnalyzer - Test 'testSidebarMenuItems' failed. Retry attempt 1 of 2
2026-09-18 15:38:09 [TestNG-tests-3] INFO  com.orangehrm.base.BaseTest - Closing driver for thread 27
2026-09-18 15:38:10 [TestNG-tests-2] INFO  com.orangehrm.base.BaseTest - Driver started for thread 25
2026-09-18 15:38:10 [TestNG-tests-2] INFO  com.orangehrm.base.BaseTest - TC08 - creating employee John Doe040050
2026-09-18 15:38:11 [TestNG-tests-2] INFO  com.orangehrm.base.BaseTest - Logged in as Admin
2026-09-18 15:38:11 [TestNG-tests-3] INFO  com.orangehrm.base.BaseTest - Driver started for thread 27
2026-09-18 15:38:11 [TestNG-tests-3] INFO  com.orangehrm.base.BaseTest - TC11 - verifying the sidebar menu items
2026-09-18 15:38:17 [TestNG-tests-3] INFO  com.orangehrm.base.BaseTest - Logged in as Admin
2026-09-18 15:38:27 [TestNG-tests-2] INFO  com.orangehrm.base.BaseTest - Logged in as Admin
2026-09-18 15:38:28 [TestNG-tests-3] INFO  com.orangehrm.base.BaseTest - Logged in as Admin
2026-09-18 15:38:31 [TestNG-tests-3] INFO  com.orangehrm.base.BaseTest - Closing driver for thread 27
2026-09-18 15:38:39 [TestNG-tests-2] INFO  com.orangehrm.base.BaseTest - Closing driver for thread 26
2026-09-18 15:38:41 [TestNG-tests-2] INFO  com.orangehrm.base.BaseTest - Driver started for thread 26
2026-09-18 15:38:41 [TestNG-tests-2] INFO  com.orangehrm.base.BaseTest - TC07 - saving an employee without a first name
2026-09-18 15:38:46 [TestNG-tests-3] INFO  com.orangehrm.base.BaseTest - Closing driver for thread 26
2026-09-18 15:38:47 [TestNG-tests-3] INFO  com.orangehrm.base.BaseTest - Driver started for thread 26
2026-09-18 15:38:47 [TestNG-tests-3] INFO  com.orangehrm.base.BaseTest - TC11 - verifying the sidebar menu items
2026-09-18 15:38:54 [TestNG-tests-2] INFO  com.orangehrm.base.BaseTest - Logged in as Admin
2026-09-18 15:38:56 [TestNG-tests-2] INFO  com.orangehrm.base.BaseTest - Closing driver for thread 25
2026-09-18 15:38:58 [TestNG-tests-2] INFO  com.orangehrm.base.BaseTest - Driver started for thread 25
2026-09-18 15:38:58 [TestNG-tests-2] INFO  com.orangehrm.base.BaseTest - TC07 - saving an employee without a first name
2026-09-18 15:39:00 [TestNG-tests-3] INFO  com.orangehrm.base.BaseTest - Logged in as Admin
2026-09-18 15:39:06 [TestNG-tests-3] INFO  com.orangehrm.base.BaseTest - Closing driver for thread 26
2026-09-18 15:39:14 [TestNG-tests-2] INFO  com.orangehrm.base.BaseTest - Logged in as Admin
2026-09-18 15:39:14 [TestNG-tests-2] INFO  com.orangehrm.base.BaseTest - Closing driver for thread 26
2026-09-18 15:39:16 [TestNG-tests-2] INFO  com.orangehrm.base.BaseTest - Driver started for thread 26
2026-09-18 15:39:16 [TestNG-tests-2] INFO  com.orangehrm.base.BaseTest - TC06 - opening the Add Employee page
2026-09-18 15:39:23 [TestNG-tests-2] INFO  com.orangehrm.base.BaseTest - Logged in as Admin
2026-09-18 15:39:36 [TestNG-tests-2] INFO  com.orangehrm.base.BaseTest - Closing driver for thread 25
2026-09-18 15:39:37 [TestNG-tests-2] INFO  com.orangehrm.base.BaseTest - Driver started for thread 25
2026-09-18 15:39:37 [TestNG-tests-2] INFO  com.orangehrm.base.BaseTest - TC06 - opening the Add Employee page
2026-09-18 15:39:39 [TestNG-tests-2] INFO  com.orangehrm.base.BaseTest - Closing driver for thread 26
2026-09-18 15:39:50 [TestNG-tests-2] INFO  com.orangehrm.base.BaseTest - Logged in as Admin
2026-09-18 15:39:54 [TestNG-tests-2] INFO  com.orangehrm.base.BaseTest - Closing driver for thread 25
